// Jest Snapshot v1, https://goo.gl/fbAQLP

exports[`Advertisement Banner matches snapshot 1`] = `[Function]`;
