// Jest Snapshot v1, https://goo.gl/fbAQLP

exports[`CategoryCard matches snapshot 1`] = `[Function]`;
