// Jest Snapshot v1, https://goo.gl/fbAQLP

exports[`About Us matches snapshot 1`] = `[Function]`;
