// Jest Snapshot v1, https://goo.gl/fbAQLP

exports[`ShopByCategories matches snapshot 1`] = `[Function]`;
